== A. bob funds dana 0.3 MON (alice is low after faucet drip) ==
  dana balance: 0.09
  tx fund-dana-from-bob: 0x9088754882d6c2ffcd235208984e8496d4c6fa0dad48fd6e3965eea51e37bf9c
     https://testnet.monadexplorer.com/tx/0x9088754882d6c2ffcd235208984e8496d4c6fa0dad48fd6e3965eea51e37bf9c
  dana balance now: 0.39

== B. dana settles debt on-chain ==
  dana net: -0.116666666666666666
  tx settle-dana: 0xc4786cb29f6894e6077e7abdcedd846bf8a28bf1f9356322116edf4752dcb15c
     https://testnet.monadexplorer.com/tx/0xc4786cb29f6894e6077e7abdcedd846bf8a28bf1f9356322116edf4752dcb15c

== C. creditors withdraw ==
  alice withdraws +0.03 MON
  tx withdraw-alice: 0x75b93e22763bf6c9a5baac6e87ee34e0e22b2d78dd4373e9e79a55b41a214bbc
     https://testnet.monadexplorer.com/tx/0x75b93e22763bf6c9a5baac6e87ee34e0e22b2d78dd4373e9e79a55b41a214bbc
  bob withdraws +0.063333333333333332 MON
  tx withdraw-bob: 0x2fc0a0da704721f578e820ba03de2231149dfadb136dbcc752c078316a623cfc
     https://testnet.monadexplorer.com/tx/0x2fc0a0da704721f578e820ba03de2231149dfadb136dbcc752c078316a623cfc
  carol withdraws +0.023333333333333334 MON
  tx withdraw-carol: 0xa19326edbb295d03d4db8c127adc30e06f9838fb65f94f23c1c4e755106c12cd
     https://testnet.monadexplorer.com/tx/0xa19326edbb295d03d4db8c127adc30e06f9838fb65f94f23c1c4e755106c12cd

== D. final state ==
[
  {
    "member": "0x128Df013BA79981eeb6d00A458C3e933Ec29C052",
    "netMon": "0"
  },
  {
    "member": "0xB1cb743D501613aef6fe47760Dd658D22791211a",
    "netMon": "0"
  },
  {
    "member": "0x5b545Ac73451A722dB8e1D8c7D12A437BB7DD158",
    "netMon": "0"
  },
  {
    "member": "0x014B81CE0603107Cf7324A8C021B63630Fe3edE9",
    "netMon": "0"
  }
]
  contract balance: 0 MON (pool 3 leftovers may share contract with earlier pools)

evidence written to evidence/demo-finish.json
SETTLE/WITHDRAW COMPLETE — all real Monad testnet transactions
